error: no test target named `logging_tests::test_color_modes`.
Available test targets:
    api_tests
    cli_ignore_patterns_test
    edge_cases_tests
    git_tests
    integration_tests
    licenseignore_tests
    logging_tests
    performance_tests
    processor_tests
    template_tests

